$*ï¿½ï¿½c ï¿½ets Jul 29 2019 12:21:46

rst:0x1 (POWERON_RESET),boot:0x13 (SPI_FAST_FLASH_BOOT)
configsip: 0, SPIWP:0xee
clk_drv:0x00,q_drv:0x00,d_drv:0x00,cs0_drv:0x00,hd_drv:0x00,wp_drv:0x00
mode:DIO, clock div:2
load:0x3fff0030,len:6276
load:0x40078000,len:15716
load:0x40080400,len:4
ho 8 tail 4 room 4
load:0x40080404,len:3860
entry 0x4008063c
[0;32mI (31) boot: ESP-IDF v5.4 2nd stage bootloader[0m
[0;32mI (31) boot: compile time Mar 29 2025 16:37:54[0m
[0;32mI (31) boot: Multicore bootloader[0m
[0;32mI (32) boot: chip revision: v3.1[0m
[0;32mI (35) boot.esp32: SPI Speed      : 40MHz[0m
[0;32mI (39) boot.esp32: SPI Mode       : DIO[0m
[0;32mI (42) boot.esp32: SPI Flash Size : 2MB[0m
[0;32mI (46) boot: Enabling RNG early entropy source...[0m
[0;32mI (50) boot: Partition Table:[0m
[0;32mI (53) boot: ## Label            Usage          Type ST Offset   Length[0m
[0;32mI (59) boot:  0 nvs              WiFi data        01 02 00009000 00006000[0m
[0;32mI (66) boot:  1 phy_init         RF data          01 01 0000f000 00001000[0m
[0;32mI (72) boot:  2 factory          factory app      00 00 00010000 00100000[0m
[0;32mI (79) boot: End of partition table[0m
[0;32mI (82) esp_image: segment 0: paddr=00010020 vaddr=3f400020 size=1ef50h (126800) map[0m
[0;32mI (133) esp_image: segment 1: paddr=0002ef78 vaddr=3ff80000 size=0001ch (    28) load[0m
[0;32mI (133) esp_image: segment 2: paddr=0002ef9c vaddr=3ffb0000 size=0107ch (  4220) load[0m
[0;32mI (139) esp_image: segment 3: paddr=00030020 vaddr=400d0020 size=a204ch (663628) map[0m
[0;32mI (371) esp_image: segment 4: paddr=000d2074 vaddr=3ffb107c size=02f54h ( 12116) load[0m
[0;32mI (376) esp_image: segment 5: paddr=000d4fd0 vaddr=40080000 size=17a98h ( 96920) load[0m
[0;32mI (425) boot: Loaded app from partition at offset 0x10000[0m
[0;32mI (425) boot: Disabling RNG early entropy source...[0m
[0;32mI (436) cpu_start: Multicore app[0m
[0;32mI (444) cpu_start: Pro cpu start user code[0m
[0;32mI (444) cpu_start: cpu freq: 160000000 Hz[0m
[0;32mI (444) app_init: Application information:[0m
[0;32mI (444) app_init: Project name:     thingsboard[0m
[0;32mI (448) app_init: App version:      1[0m
[0;32mI (452) app_init: Compile time:     Mar 29 2025 16:37:45[0m
[0;32mI (457) app_init: ELF file SHA256:  99ffc4ba7...[0m
[0;32mI (461) app_init: ESP-IDF:          v5.4[0m
[0;32mI (465) efuse_init: Min chip rev:     v0.0[0m
[0;32mI (468) efuse_init: Max chip rev:     v3.99 [0m
[0;32mI (472) efuse_init: Chip rev:         v3.1[0m
[0;32mI (477) heap_init: Initializing. RAM available for dynamic allocation:[0m
[0;32mI (483) heap_init: At 3FFAE6E0 len 00001920 (6 KiB): DRAM[0m
[0;32mI (488) heap_init: At 3FFB8BA0 len 00027460 (157 KiB): DRAM[0m
[0;32mI (493) heap_init: At 3FFE0440 len 00003AE0 (14 KiB): D/IRAM[0m
[0;32mI (498) heap_init: At 3FFE4350 len 0001BCB0 (111 KiB): D/IRAM[0m
[0;32mI (504) heap_init: At 40097A98 len 00008568 (33 KiB): IRAM[0m
[0;32mI (511) spi_flash: detected chip: generic[0m
[0;32mI (513) spi_flash: flash io: dio[0m
[0;33mW (516) spi_flash: Detected size(4096k) larger than the size in the binary image header(2048k). Using the size in the binary image header.[0m
[0;32mI (530) main_task: Started on CPU0[0m
[0;32mI (540) main_task: Calling app_main()[0m
[0;32mI (540) MAIN: [APP] Startup..[0m
[0;32mI (540) MAIN: [APP] Free memory: 276184 bytes[0m
[0;32mI (540) MAIN: [APP] IDF version: v5.4[0m
[0;32mI (560) MAIN: Servo initialized[0m
[0;32mI (560) MAIN: Initializing WiFi...[0m
[0;32mI (580) wifi:wifi driver task: 3ffc08b8, prio:23, stack:6656, core=0[0m
[0;32mI (590) wifi:wifi firmware version: 48ea317a7[0m
[0;32mI (590) wifi:wifi certification version: v7.0[0m
[0;32mI (590) wifi:config NVS flash: enabled[0m
[0;32mI (590) wifi:config nano formatting: disabled[0m
[0;32mI (590) wifi:Init data frame dynamic rx buffer num: 32[0m
[0;32mI (600) wifi:Init static rx mgmt buffer num: 5[0m
[0;32mI (600) wifi:Init management short buffer num: 32[0m
[0;32mI (610) wifi:Init dynamic tx buffer num: 32[0m
[0;32mI (610) wifi:Init static rx buffer size: 1600[0m
[0;32mI (620) wifi:Init static rx buffer num: 10[0m
[0;32mI (620) wifi:Init dynamic rx buffer num: 32[0m
[0;32mI (620) wifi_init: rx ba win: 6[0m
[0;32mI (630) wifi_init: accept mbox: 6[0m
[0;32mI (630) wifi_init: tcpip mbox: 32[0m
[0;32mI (630) wifi_init: udp mbox: 6[0m
[0;32mI (640) wifi_init: tcp mbox: 6[0m
[0;32mI (640) wifi_init: tcp tx win: 5760[0m
[0;32mI (640) wifi_init: tcp rx win: 5760[0m
[0;32mI (640) wifi_init: tcp mss: 1440[0m
[0;32mI (650) wifi_init: WiFi IRAM OP enabled[0m
[0;32mI (650) wifi_init: WiFi RX IRAM OP enabled[0m
[0;32mI (660) MAIN: Connecting to WiFi SSID: NHATRO BM T1S[0m
[0;33mW (660) wifi:Password length matches WPA2 standards, authmode threshold changes from OPEN to WPA2[0m
[0;32mI (670) phy_init: phy_version 4840,02e0d70,Sep  2 2024,19:39:07[0m
[0;32mI (760) wifi:mode : sta (08:d1:f9:26:7e:34)[0m
[0;32mI (760) wifi:enable tsf[0m
[0;32mI (760) MAIN: WiFi initialization completed[0m
[0;32mI (760) MAIN: Waiting for WiFi connection...[0m
[0;32mI (1020) wifi:new:<5,0>, old:<1,0>, ap:<255,255>, sta:<5,0>, prof:1, snd_ch_cfg:0x0[0m
[0;32mI (1020) wifi:state: init -> auth (0xb0)[0m
[0;32mI (1030) wifi:state: auth -> assoc (0x0)[0m
[0;32mI (1030) wifi:state: assoc -> run (0x10)[0m
[0;32mI (1140) wifi:connected with NHATRO BM T1S, aid = 1, channel 5, BW20, bssid = c4:70:ab:86:49:3b[0m
[0;32mI (1140) wifi:security: WPA2-PSK, phy: bgn, rssi: -54[0m
[0;32mI (1150) wifi:pm start, type: 1[0m

[0;32mI (1150) wifi:dp: 1, bi: 102400, li: 3, scale listen interval from 307200 us to 307200 us[0m
[0;32mI (1170) wifi:<ba-add>idx:0 (ifx:0, c4:70:ab:86:49:3b), tid:0, ssn:0, winSize:64[0m
[0;32mI (1200) wifi:AP's beacon interval = 102400 us, DTIM period = 1[0m
[0;32mI (1760) MAIN: Waiting for WiFi connection...[0m
[0;32mI (2580) esp_netif_handlers: sta ip: 192.168.110.169, mask: 255.255.255.0, gw: 192.168.110.1[0m
[0;32mI (2760) MAIN: Connecting to ThingsBoard server: 192.168.110.126[0m
[0;32mI (2760) MAIN: Connected to ThingsBoard server successfully[0m
[0;32mI (2760) MAIN: Subscribing to shared attributes...[0m
[0;32mI (2770) MAIN: Successfully subscribed to shared attributes[0m
[0;32mI (2940) wifi:<ba-add>idx:1 (ifx:0, c4:70:ab:86:49:3b), tid:7, ssn:2, winSize:64[0m
[0;32mI (3300) MAIN: Sending sensor data - Temperature: 25.50, Turbidity: 100.00, PH: 7.00, TDS: 500.00[0m
[0;32mI (13320) MAIN: Sending sensor data - Temperature: 25.50, Turbidity: 100.00, PH: 7.00, TDS: 500.00[0m
[0;32mI (23330) MAIN: Sending sensor data - Temperature: 25.50, Turbidity: 100.00, PH: 7.00, TDS: 500.00[0m
[0;32mI (33340) MAIN: Sending sensor data - Temperature: 25.50, Turbidity: 100.00, PH: 7.00, TDS: 500.00[0m
[0;32mI (43350) MAIN: Sending sensor data - Temperature: 25.50, Turbidity: 100.00, PH: 7.00, TDS: 500.00[0m
[0;32mI (53360) MAIN: Sending sensor data - Temperature: 25.50, Turbidity: 100.00, PH: 7.00, TDS: 500.00[0m
[0;32mI (63370) MAIN: Sending sensor data - Temperature: 25.50, Turbidity: 100.00, PH: 7.00, TDS: 500.00[0m
[0;32mI (73380) MAIN: Sending sensor data - Temperature: 25.50, Turbidity: 100.00, PH: 7.00, TDS: 500.00[0m
[0;32mI (83390) MAIN: Sending sensor data - Temperature: 25.50, Turbidity: 100.00, PH: 7.00, TDS: 500.00[0m
[0;32mI (93400) MAIN: Sending sensor data - Temperature: 25.50, Turbidity: 100.00, PH: 7.00, TDS: 500.00[0m
[0;32mI (103410) MAIN: Sending sensor data - Temperature: 25.50, Turbidity: 100.00, PH: 7.00, TDS: 500.00[0m
[0;32mI (113420) MAIN: Sending sensor data - Temperature: 25.50, Turbidity: 100.00, PH: 7.00, TDS: 500.00[0m
[0;32mI (123440) MAIN: Sending sensor data - Temperature: 25.50, Turbidity: 100.00, PH: 7.00, TDS: 500.00[0m
[0;32mI (133450) MAIN: Sending sensor data - Temperature: 25.50, Turbidity: 100.00, PH: 7.00, TDS: 500.00[0m
[0;32mI (143460) MAIN: Sending sensor data - Temperature: 25.50, Turbidity: 100.00, PH: 7.00, TDS: 500.00[0m
[0;32mI (153470) MAIN: Sending sensor data - Temperature: 25.50, Turbidity: 100.00, PH: 7.00, TDS: 500.00[0m
[0;32mI (163480) MAIN: Sending sensor data - Temperature: 25.50, Turbidity: 100.00, PH: 7.00, TDS: 500.00[0m
[0;32mI (173490) MAIN: Sending sensor data - Temperature: 25.50, Turbidity: 100.00, PH: 7.00, TDS: 500.00[0m
[0;32mI (183500) MAIN: Sending sensor data - Temperature: 25.50, Turbidity: 100.00, PH: 7.00, TDS: 500.00[0m
[0;32mI (193520) MAIN: Sending sensor data - Temperature: 25.50, Turbidity: 100.00, PH: 7.00, TDS: 500.00[0m
[0;32mI (203530) MAIN: Sending sensor data - Temperature: 25.50, Turbidity: 100.00, PH: 7.00, TDS: 500.00[0m
